# Keep-alive under WiFi load, 2026-10-05 16:27-16:31. AP ON throughout (owner phone + tablet associated).
# Load: 3 rawdumps, /packs, /, then ~150 s back-to-back CSV pulls (107871 B + 6951 B) + rawdump. Serial over USB.
# Condition: bench, display on USB power, packs charging/idle, NOT riding. Stage 1 of SOP-038 only.
[   0.00] ## opened /dev/ttyACM0
[   0.20] [DIAG] t=8817s hb=8818 maxgap=1000ms vbat=4.92V wifi=ON | p1=# p2=# p3=- p4=-
[   3.20] [DIAG] t=8820s hb=8821 maxgap=1000ms vbat=4.92V wifi=ON | p1=# p2=# p3=# p4=-
[   6.20] [DIAG] t=8823s hb=8824 maxgap=1000ms vbat=4.92V wifi=ON | p1=# p2=# p3=# p4=-
[   9.20] [DIAG] t=8826s hb=8827 maxgap=1000ms vbat=4.92V wifi=ON | p1=# p2=# p3=# p4=-
[  12.24] [DIAG] t=8829s hb=8830 maxgap=1000ms vbat=4.92V wifi=ON | p1=# p2=# p3=# p4=-
[  15.24] [DIAG] t=8832s hb=8833 maxgap=1000ms vbat=4.92V wifi=ON | p1=# p2=# p3=- p4=-
[  18.24] [DIAG] t=8835s hb=8836 maxgap=1000ms vbat=4.92V wifi=ON | p1=# p2=# p3=# p4=-
[  21.24] [DIAG] t=8838s hb=8839 maxgap=1000ms vbat=4.92V wifi=ON | p1=# p2=# p3=- p4=-
[  24.24] [DIAG] t=8841s hb=8842 maxgap=1000ms vbat=4.92V wifi=ON | p1=# p2=# p3=# p4=-
[  27.24] [DIAG] t=8844s hb=8845 maxgap=1000ms vbat=4.92V wifi=ON | p1=# p2=# p3=# p4=-
[  30.24] [DIAG] t=8847s hb=8848 maxgap=1000ms vbat=4.79V wifi=ON | p1=# p2=# p3=# p4=-
[  33.45] [DIAG] t=8851s hb=8851 maxgap=1000ms vbat=4.84V wifi=ON | p1=# p2=# p3=# p4=-
[  36.45] [DIAG] t=8854s hb=8854 maxgap=1000ms vbat=4.92V wifi=ON | p1=# p2=# p3=# p4=-
[  39.57] [DIAG] t=8857s hb=8857 maxgap=1000ms vbat=4.87V wifi=ON | p1=# p2=# p3=# p4=-
[  42.57] [DIAG] t=8860s hb=8860 maxgap=1000ms vbat=4.92V wifi=ON | p1=# p2=# p3=# p4=-
[  45.68] [DIAG] t=8863s hb=8864 maxgap=1000ms vbat=4.92V wifi=ON | p1=# p2=# p3=# p4=-
[  49.40] [DIAG] t=8866s hb=8867 maxgap=1000ms vbat=4.91V wifi=ON | p1=# p2=# p3=# p4=-
[  51.90] [DIAG] t=8869s hb=8870 maxgap=1000ms vbat=4.92V wifi=ON | p1=# p2=# p3=- p4=-
[  54.96] [DIAG] t=8872s hb=8873 maxgap=1000ms vbat=4.91V wifi=ON | p1=# p2=# p3=- p4=-
[  57.96] [DIAG] t=8875s hb=8876 maxgap=1000ms vbat=4.92V wifi=ON | p1=# p2=# p3=# p4=-
[  60.96] [DIAG] t=8878s hb=8879 maxgap=1000ms vbat=4.92V wifi=ON | p1=# p2=# p3=# p4=-
[  63.96] [DIAG] t=8881s hb=8882 maxgap=1000ms vbat=4.92V wifi=ON | p1=# p2=# p3=# p4=-
[  66.99] [DIAG] t=8884s hb=8885 maxgap=1000ms vbat=4.92V wifi=ON | p1=# p2=# p3=# p4=-
[  70.19] [DIAG] t=8887s hb=8888 maxgap=1000ms vbat=4.91V wifi=ON | p1=# p2=# p3=# p4=-
[  73.25] [DIAG] t=8890s hb=8891 maxgap=1000ms vbat=4.92V wifi=ON | p1=# p2=# p3=- p4=-
[  76.29] [DIAG] t=8893s hb=8894 maxgap=1000ms vbat=4.91V wifi=ON | p1=# p2=# p3=# p4=-
[  79.97] [DIAG] t=8897s hb=8897 maxgap=1000ms vbat=4.92V wifi=ON | p1=# p2=# p3=# p4=-
[  82.56] [DIAG] t=8900s hb=8900 maxgap=1000ms vbat=4.92V wifi=ON | p1=# p2=# p3=# p4=-
[  85.56] [DIAG] t=8903s hb=8903 maxgap=1000ms vbat=4.93V wifi=ON | p1=# p2=# p3=# p4=-
[  88.57] [DIAG] t=8906s hb=8906 maxgap=1000ms vbat=4.93V wifi=ON | p1=# p2=# p3=- p4=-
[  91.72] [DIAG] t=8909s hb=8910 maxgap=1000ms vbat=4.92V wifi=ON | p1=# p2=# p3=# p4=-
[  94.75] [DIAG] t=8912s hb=8913 maxgap=1000ms vbat=4.92V wifi=ON | p1=# p2=# p3=# p4=-
[  97.75] [DIAG] t=8915s hb=8916 maxgap=1000ms vbat=4.92V wifi=ON | p1=# p2=# p3=# p4=-
[ 100.76] [DIAG] t=8918s hb=8919 maxgap=1000ms vbat=4.92V wifi=ON | p1=# p2=# p3=# p4=-
[ 103.99] [DIAG] t=8921s hb=8922 maxgap=1000ms vbat=4.93V wifi=ON | p1=# p2=# p3=# p4=-
[ 107.02] [DIAG] t=8924s hb=8925 maxgap=1000ms vbat=4.92V wifi=ON | p1=# p2=# p3=# p4=-
[ 110.03] [DIAG] t=8927s hb=8928 maxgap=1000ms vbat=4.92V wifi=ON | p1=# p2=# p3=# p4=-
[ 113.40] [DIAG] t=8930s hb=8931 maxgap=1000ms vbat=4.92V wifi=ON | p1=# p2=# p3=# p4=-
[ 116.68] [DIAG] t=8934s hb=8935 maxgap=1000ms vbat=4.92V wifi=ON | p1=# p2=# p3=# p4=-
[ 119.90] [DIAG] t=8937s hb=8938 maxgap=1000ms vbat=4.92V wifi=ON | p1=# p2=# p3=# p4=-
[ 122.93] [DIAG] t=8940s hb=8941 maxgap=1003ms vbat=4.92V wifi=ON | p1=# p2=# p3=- p4=-
[ 125.95] [DIAG] t=8943s hb=8944 maxgap=1000ms vbat=4.93V wifi=ON | p1=# p2=# p3=# p4=-
[ 129.06] [DIAG] t=8946s hb=8947 maxgap=1000ms vbat=4.93V wifi=ON | p1=# p2=# p3=# p4=-
[ 132.09] [DIAG] t=8949s hb=8950 maxgap=1000ms vbat=4.92V wifi=ON | p1=# p2=# p3=# p4=-
[ 135.10] [DIAG] t=8952s hb=8953 maxgap=1000ms vbat=4.92V wifi=ON | p1=# p2=# p3=# p4=-
[ 138.17] [DIAG] t=8955s hb=8956 maxgap=1000ms vbat=4.93V wifi=ON | p1=# p2=# p3=# p4=-
[ 141.17] [DIAG] t=8958s hb=8959 maxgap=1000ms vbat=4.92V wifi=ON | p1=# p2=# p3=# p4=-
[ 144.43] [DIAG] t=8962s hb=8962 maxgap=1000ms vbat=4.89V wifi=ON | p1=# p2=# p3=# p4=-
[ 147.61] [DIAG] t=8965s hb=8965 maxgap=1000ms vbat=4.92V wifi=ON | p1=# p2=# p3=- p4=-
[ 150.61] [DIAG] t=8968s hb=8968 maxgap=1000ms vbat=4.81V wifi=ON | p1=# p2=# p3=# p4=-
[ 153.83] [DIAG] t=8971s hb=8972 maxgap=1000ms vbat=4.92V wifi=ON | p1=# p2=# p3=- p4=-
[ 157.09] [DIAG] t=8974s hb=8975 maxgap=1000ms vbat=4.92V wifi=ON | p1=# p2=# p3=# p4=-
[ 160.09] [DIAG] t=8977s hb=8978 maxgap=1000ms vbat=4.91V wifi=ON | p1=# p2=# p3=- p4=-
[ 163.13] [DIAG] t=8980s hb=8981 maxgap=1000ms vbat=4.92V wifi=ON | p1=# p2=# p3=# p4=-
[ 166.17] [DIAG] t=8983s hb=8984 maxgap=1000ms vbat=4.92V wifi=ON | p1=# p2=# p3=# p4=-
[ 169.17] [DIAG] t=8986s hb=8987 maxgap=1000ms vbat=4.93V wifi=ON | p1=# p2=# p3=# p4=-
[ 172.19] [DIAG] t=8989s hb=8990 maxgap=1000ms vbat=4.92V wifi=ON | p1=# p2=# p3=# p4=-
[ 175.36] [DIAG] t=8992s hb=8993 maxgap=1000ms vbat=4.92V wifi=ON | p1=# p2=# p3=- p4=-
[ 178.79] [DIAG] t=8995s hb=8996 maxgap=1000ms vbat=4.92V wifi=ON | p1=# p2=# p3=# p4=-
[ 181.38] [DIAG] t=8998s hb=8999 maxgap=1000ms vbat=4.92V wifi=ON | p1=# p2=# p3=# p4=-
[ 184.39] [DIAG] t=9001s hb=9002 maxgap=1026ms vbat=4.93V wifi=ON | p1=# p2=# p3=# p4=-
[ 187.39] [DIAG] t=9004s hb=9005 maxgap=1000ms vbat=4.92V wifi=ON | p1=# p2=# p3=- p4=-
[ 190.39] [DIAG] t=9007s hb=9008 maxgap=1000ms vbat=4.92V wifi=ON | p1=# p2=# p3=# p4=-
[ 193.39] [DIAG] t=9010s hb=9011 maxgap=1000ms vbat=4.93V wifi=ON | p1=# p2=# p3=# p4=-
[ 196.39] [DIAG] t=9013s hb=9014 maxgap=1000ms vbat=4.93V wifi=ON | p1=# p2=# p3=# p4=-
[ 199.39] [DIAG] t=9016s hb=9017 maxgap=1000ms vbat=4.92V wifi=ON | p1=# p2=# p3=# p4=-
[ 202.39] [DIAG] t=9019s hb=9020 maxgap=1000ms vbat=4.92V wifi=ON | p1=# p2=# p3=# p4=-
[ 205.39] [DIAG] t=9022s hb=9023 maxgap=1000ms vbat=4.92V wifi=ON | p1=# p2=# p3=# p4=-
[ 208.39] [DIAG] t=9025s hb=9026 maxgap=1000ms vbat=4.92V wifi=ON | p1=# p2=# p3=# p4=-
[ 211.39] [DIAG] t=9028s hb=9029 maxgap=1000ms vbat=4.92V wifi=ON | p1=# p2=# p3=# p4=-
[ 214.39] [DIAG] t=9031s hb=9032 maxgap=1004ms vbat=4.92V wifi=ON | p1=# p2=# p3=# p4=-
[ 217.39] [DIAG] t=9034s hb=9035 maxgap=1000ms vbat=4.92V wifi=ON | p1=# p2=# p3=# p4=-
[ 220.39] [DIAG] t=9037s hb=9038 maxgap=1000ms vbat=4.92V wifi=ON | p1=# p2=# p3=# p4=-
[ 223.39] [DIAG] t=9040s hb=9041 maxgap=1000ms vbat=4.92V wifi=ON | p1=# p2=# p3=# p4=-
[ 226.39] [DIAG] t=9043s hb=9044 maxgap=1000ms vbat=4.92V wifi=ON | p1=# p2=# p3=# p4=-
[ 229.39] [DIAG] t=9046s hb=9047 maxgap=1000ms vbat=4.92V wifi=ON | p1=# p2=# p3=# p4=-
[ 232.39] [DIAG] t=9049s hb=9050 maxgap=1000ms vbat=4.93V wifi=ON | p1=# p2=# p3=# p4=-
[ 235.39] [DIAG] t=9052s hb=9053 maxgap=1000ms vbat=4.93V wifi=ON | p1=# p2=# p3=# p4=-
[ 238.39] [DIAG] t=9055s hb=9056 maxgap=1000ms vbat=4.92V wifi=ON | p1=# p2=# p3=# p4=-
